// Jest Snapshot v1, https://goo.gl/fbAQLP

exports[`renders correctly 1`] = `
<RNGestureHandlerButton
  collapsable={false}
  delayLongPress={600}
  enabled={true}
  exclusive={true}
  handlerTag={1}
  handlerType="NativeViewGestureHandler"
  onGestureEvent={[Function]}
  onGestureHandlerEvent={[Function]}
  onGestureHandlerStateChange={[Function]}
  onHandlerStateChange={[Function]}
  rippleColor={0}
  touchSoundDisabled={false}
>
  <View
    accessible={true}
    collapsable={false}
    style={
      {
        "alignItems": "center",
        "alignSelf": "center",
        "backgroundColor": "#000000",
        "borderRadius": 5,
        "height": 88.93333333333334,
        "justifyContent": "center",
        "marginVertical": 20,
        "opacity": 1,
        "padding": 10,
        "width": 681.8181818181818,
      }
    }
  >
    <Text
      style={
        {
          "color": "#F8F9FA",
          "fontSize": 18,
        }
      }
    >
      Test
    </Text>
  </View>
</RNGestureHandlerButton>
`;
